node : node:fs:435
At line:1 char:84
+ ... M\backend"; node node_modules\jest\bin\jest.js --no-coverage --forceE ...
+                 ~~~~~~~~~~~~~~~~~~~~~~~~~~~~~~~~~~~~~~~~~~~~~~~~~~~~~~~~~
    + CategoryInfo          : NotSpecified: (node:fs:435:String) [], RemoteExc 
   eption
    + FullyQualifiedErrorId : NativeCommandError
 
    return binding.readFileUtf8(path, stringToFlags(options.flag));
                   ^

Error: UNKNOWN: unknown error, read
    at Object.readFileSync (node:fs:435:20)
    at defaultLoadImpl (node:internal/modules/cjs/loader:1147:17)
    at loadSource (node:internal/modules/cjs/loader:1837:20)
    at Object..js (node:internal/modules/cjs/loader:1935:44)
    at Module.load (node:internal/modules/cjs/loader:1532:32)
    at Module._load (node:internal/modules/cjs/loader:1334:12)
    at wrapModuleLoad (node:internal/modules/cjs/loader:255:19)
    at Module.executeUserEntryPoint [as runMain] 
(node:internal/modules/run_main:154:5)
    at node:internal/main/run_main_module:33:47 {
  errno: -4094,
  code: 'UNKNOWN',
  syscall: 'read'
}

Node.js v25.6.1
